--------------------------------------------------------------------------------
Release 13.3 Trace  (nt64)
Copyright (c) 1995-2011 Xilinx, Inc.  All rights reserved.

C:\Xilinx\13.3\ISE_DS\ISE\bin\nt64\unwrapped\trce.exe -intstyle ise -v 3 -s 3
-n 3 -fastpaths -xml multi_4by4_struct.twx multi_4by4_struct.ncd -o
multi_4by4_struct.twr multi_4by4_struct.pcf

Design file:              multi_4by4_struct.ncd
Physical constraint file: multi_4by4_struct.pcf
Device,package,speed:     xc6slx16,csg324,C,-3 (PRODUCTION 1.20 2011-10-03)
Report level:             verbose report

Environment Variable      Effect 
--------------------      ------ 
NONE                      No environment variables were set
--------------------------------------------------------------------------------

INFO:Timing:2698 - No timing constraints found, doing default enumeration.
INFO:Timing:2752 - To get complete path coverage, use the unconstrained paths 
   option. All paths that are not constrained will be reported in the 
   unconstrained paths section(s) of the report.
INFO:Timing:3339 - The clock-to-out numbers in this timing report are based on 
   a 50 Ohm transmission line loading model.  For the details of this model, 
   and for more information on accounting for different loading conditions, 
   please see the device datasheet.



Data Sheet report:
-----------------
All values displayed in nanoseconds (ns)

Pad to Pad
---------------+---------------+---------+
Source Pad     |Destination Pad|  Delay  |
---------------+---------------+---------+
m<0>           |p<0>           |    6.840|
m<0>           |p<1>           |    6.703|
m<0>           |p<2>           |    7.083|
m<0>           |p<3>           |    7.640|
m<0>           |p<4>           |    8.842|
m<0>           |p<5>           |    9.160|
m<0>           |p<6>           |    9.245|
m<0>           |p<7>           |    9.193|
m<1>           |p<1>           |    6.514|
m<1>           |p<2>           |    6.968|
m<1>           |p<3>           |    7.451|
m<1>           |p<4>           |    8.653|
m<1>           |p<5>           |    8.971|
m<1>           |p<6>           |    9.056|
m<1>           |p<7>           |    9.004|
m<2>           |p<2>           |    6.655|
m<2>           |p<3>           |    7.497|
m<2>           |p<4>           |    8.699|
m<2>           |p<5>           |    9.017|
m<2>           |p<6>           |    9.102|
m<2>           |p<7>           |    9.050|
m<3>           |p<3>           |    7.655|
m<3>           |p<4>           |    8.858|
m<3>           |p<5>           |    9.176|
m<3>           |p<6>           |    9.261|
m<3>           |p<7>           |    9.209|
q<0>           |p<0>           |    6.519|
q<0>           |p<1>           |    6.426|
q<0>           |p<2>           |    6.654|
q<0>           |p<3>           |    7.363|
q<0>           |p<4>           |    8.565|
q<0>           |p<5>           |    8.883|
q<0>           |p<6>           |    8.968|
q<0>           |p<7>           |    8.916|
q<1>           |p<1>           |    6.240|
q<1>           |p<2>           |    6.339|
q<1>           |p<3>           |    7.233|
q<1>           |p<4>           |    8.436|
q<1>           |p<5>           |    8.754|
q<1>           |p<6>           |    8.839|
q<1>           |p<7>           |    8.787|
q<2>           |p<2>           |    6.808|
q<2>           |p<3>           |    6.673|
q<2>           |p<4>           |    8.424|
q<2>           |p<5>           |    8.742|
q<2>           |p<6>           |    8.827|
q<2>           |p<7>           |    8.775|
q<3>           |p<3>           |    6.739|
q<3>           |p<4>           |    7.456|
q<3>           |p<5>           |    7.317|
q<3>           |p<6>           |    6.561|
q<3>           |p<7>           |    6.438|
---------------+---------------+---------+


Analysis completed Tue Oct 02 15:20:52 2012 
--------------------------------------------------------------------------------

Trace Settings:
-------------------------
Trace Settings 

Peak Memory Usage: 217 MB



